Restore Archived Project report for Voltmeter
Tue Nov 02 12:33:20 2021
Quartus Prime Version 20.1.0 Build 711 06/05/2020 SJ Lite Edition


---------------------
; Table of Contents ;
---------------------
  1. Legal Notice
  2. Restore Archived Project Summary
  3. Restore Archived Project Messages
  4. Files Restored
  5. Files Not Restored



----------------
; Legal Notice ;
----------------
Copyright (C) 2020  Intel Corporation. All rights reserved.
Your use of Intel Corporation's design tools, logic functions 
and other software and tools, and any partner logic 
functions, and any output files from any of the foregoing 
(including device programming or simulation files), and any 
associated documentation or information are expressly subject 
to the terms and conditions of the Intel Program License 
Subscription Agreement, the Intel Quartus Prime License Agreement,
the Intel FPGA IP License Agreement, or other applicable license
agreement, including, without limitation, that your use is for
the sole purpose of programming logic devices manufactured by
Intel and sold by Intel or its authorized distributors.  Please
refer to the applicable agreement for further details, at
https://fpgasoftware.intel.com/eula.



+-------------------------------------------------------------------------+
; Restore Archived Project Summary                                        ;
+---------------------------------+---------------------------------------+
; Restore Archived Project Status ; Successful - Tue Nov 02 12:33:20 2021 ;
; Revision Name                   ; Voltmeter                             ;
; Top-level Entity Name           ; Voltmeter                             ;
; Family                          ; MAX 10                                ;
+---------------------------------+---------------------------------------+


+-----------------------------------+
; Restore Archived Project Messages ;
+-----------------------------------+
Info: Successfully restored 'C:/Users/steve/OneDrive/Documents/Year_3_ENEL/ENEL453/Lab_2/Final release/Lab2_tmp_archive.qar' into the 'C:/Users/steve/OneDrive/Documents/Year_3_ENEL/ENEL453/Lab_3' directory
Info: Generated report 'Voltmeter.restore.rpt'


+------------------------------------------------------------------------+
; Files Restored                                                         ;
+------------------------------------------------------------------------+
; File Name                                                              ;
+------------------------------------------------------------------------+
; qar_info.json                                                          ;
; DE10_LITE.sdc                                                          ;
; Lab2.qpf                                                               ;
; Voltmeter.qsf                                                          ;
; Voltmeter_assignment_defaults.qdf                                      ;
; adc_conversion.v                                                       ;
; adc_qsys/adc_qsys.cmp                                                  ;
; adc_qsys/synthesis/adc_qsys.debuginfo                                  ;
; adc_qsys/synthesis/adc_qsys.qip                                        ;
; adc_qsys/synthesis/adc_qsys.v                                          ;
; adc_qsys/synthesis/submodules/adc_qsys_altpll_sys.v                    ;
; adc_qsys/synthesis/submodules/adc_qsys_modular_adc_0.v                 ;
; adc_qsys/synthesis/submodules/altera_modular_adc_control.sdc           ;
; adc_qsys/synthesis/submodules/altera_modular_adc_control.v             ;
; adc_qsys/synthesis/submodules/altera_modular_adc_control_avrg_fifo.v   ;
; adc_qsys/synthesis/submodules/altera_modular_adc_control_fsm.v         ;
; adc_qsys/synthesis/submodules/altera_reset_controller.sdc              ;
; adc_qsys/synthesis/submodules/altera_reset_controller.v                ;
; adc_qsys/synthesis/submodules/altera_reset_synchronizer.v              ;
; adc_qsys/synthesis/submodules/chsel_code_converter_sw_to_hw.v          ;
; adc_qsys/synthesis/submodules/fiftyfivenm_adcblock_primitive_wrapper.v ;
; adc_qsys/synthesis/submodules/fiftyfivenm_adcblock_top_wrapper.v       ;
; averager.vhd                                                           ;
; binary_bcd.vhd                                                         ;
; mux2to1.vhd                                                            ;
; registers.vhd                                                          ;
; sevensegment.vhd                                                       ;
; sevensegment_decoder.vhd                                               ;
; tb_mux.vhd                                                             ;
; tb_voltmeter.vhd                                                       ;
; tb_voltmeter_mux.vhd                                                   ;
; voltmeter.vhd                                                          ;
+------------------------------------------------------------------------+


+--------------------+
; Files Not Restored ;
+--------------------+
; File Name          ;
+--------------------+


